<html>
<body>
<pre>
<h1>µVision Build Log</h1>
<h2>Project:</h2>
D:\Motor\3 phase motor\3phase_inverter\ThreePhaseInverter.uvproj
Project File Date:  05/23/2021

<h2>Output:</h2>
Rebuild target 'Target 1'
compiling system_stm32f0xx.c...
..\3phase_inverter\stm32f0xx.h(5709): warning:  #1-D: last line of file ends without a newline
  //************************ (C) COPYRIGHT STMicroelectronics *****END OF FILE****// 
stm32f0xx.h(5709): warning:  #1-D: last line of file ends without a newline
  //************************ (C) COPYRIGHT STMicroelectronics *****END OF FILE****// 
system_stm32f0xx.c: 2 warnings, 0 errors
assembling startup_stm32f0xx.s...
compiling main.c...
..\3phase_inverter\stm32f0xx.h(5709): warning:  #1-D: last line of file ends without a newline
  //************************ (C) COPYRIGHT STMicroelectronics *****END OF FILE****// 
stm32f0xx.h(5709): warning:  #1-D: last line of file ends without a newline
  //************************ (C) COPYRIGHT STMicroelectronics *****END OF FILE****// 
PWM_control.h(45): warning:  #1-D: last line of file ends without a newline
  #endif /*__PWM_H */
ADC_control.h(37): warning:  #1295-D: Deprecated declaration ADC_Common_config - give arg types
  void ADC_Common_config();
ADC_control.h(48): warning:  #1-D: last line of file ends without a newline
  #endif /*__ADC_CONTROL_H */
DMA_control.h(35): warning:  #1-D: last line of file ends without a newline
  #endif /*__DMA_CONTROL_H */
I_O_control.h(41): warning:  #1-D: last line of file ends without a newline
  #endif /*__I_O_CONTROL_H */
Communication.h(35): warning:  #1-D: last line of file ends without a newline
  #endif /*__Communication_H */
main.c(47): warning:  #188-D: enumerated type mixed with another type
                GPIO_WriteBit(GPIOB,GPIO_Pin_2,P5V_driver);
main.c(178): warning:  #177-D: variable "i" was declared but never referenced
                uint8_t i =0;
main.c(220): warning:  #1-D: last line of file ends without a newline
  }
main.c: 11 warnings, 0 errors
compiling PWM_control.c...
..\3phase_inverter\stm32f0xx.h(5709): warning:  #1-D: last line of file ends without a newline
  //************************ (C) COPYRIGHT STMicroelectronics *****END OF FILE****// 
..\3phase_inverter\stm32f0xx.h(5709): warning:  #1-D: last line of file ends without a newline
  //************************ (C) COPYRIGHT STMicroelectronics *****END OF FILE****// 
PWM_control.h(45): warning:  #1-D: last line of file ends without a newline
  #endif /*__PWM_H */
PWM_control.c(345): warning:  #940-D: missing return statement at end of non-void function "Motor_Startup"
  }
PWM_control.c: 4 warnings, 0 errors
compiling ADC_control.c...
..\3phase_inverter\stm32f0xx.h(5709): warning:  #1-D: last line of file ends without a newline
  //************************ (C) COPYRIGHT STMicroelectronics *****END OF FILE****// 
..\3phase_inverter\stm32f0xx.h(5709): warning:  #1-D: last line of file ends without a newline
  //************************ (C) COPYRIGHT STMicroelectronics *****END OF FILE****// 
ADC_control.h(37): warning:  #1295-D: Deprecated declaration ADC_Common_config - give arg types
  void ADC_Common_config();
ADC_control.h(48): warning:  #1-D: last line of file ends without a newline
  #endif /*__ADC_CONTROL_H */
PWM_control.h(45): warning:  #1-D: last line of file ends without a newline
  #endif /*__PWM_H */
I_O_control.h(41): warning:  #1-D: last line of file ends without a newline
  #endif /*__I_O_CONTROL_H */
ADC_control.c(98): warning:  #1293-D: assignment in condition
        if(Start_up == 1 && (Step=Old_step)){
ADC_control.c: 7 warnings, 0 errors
compiling DMA_control.c...
..\3phase_inverter\stm32f0xx.h(5709): warning:  #1-D: last line of file ends without a newline
  //************************ (C) COPYRIGHT STMicroelectronics *****END OF FILE****// 
..\3phase_inverter\stm32f0xx.h(5709): warning:  #1-D: last line of file ends without a newline
  //************************ (C) COPYRIGHT STMicroelectronics *****END OF FILE****// 
DMA_control.h(35): warning:  #1-D: last line of file ends without a newline
  #endif /*__DMA_CONTROL_H */
DMA_control.c(85): warning:  #1-D: last line of file ends without a newline
  }
DMA_control.c: 4 warnings, 0 errors
compiling I_O_control.c...
..\3phase_inverter\stm32f0xx.h(5709): warning:  #1-D: last line of file ends without a newline
  //************************ (C) COPYRIGHT STMicroelectronics *****END OF FILE****// 
..\3phase_inverter\stm32f0xx.h(5709): warning:  #1-D: last line of file ends without a newline
  //************************ (C) COPYRIGHT STMicroelectronics *****END OF FILE****// 
I_O_control.h(41): warning:  #1-D: last line of file ends without a newline
  #endif /*__I_O_CONTROL_H */
I_O_control.c(14): warning:  #188-D: enumerated type mixed with another type
         GPIO_WriteBit(GPIOB,OVC_OUT_N,1);
I_O_control.c(17): warning:  #188-D: enumerated type mixed with another type
         GPIO_WriteBit(GPIOB,OVC_OUT_N,0);
I_O_control.c(20): warning:  #188-D: enumerated type mixed with another type
        GPIO_WriteBit(GPIOB,GPIO_Pin_9,1);
I_O_control.c(21): warning:  #188-D: enumerated type mixed with another type
        GPIO_WriteBit(GPIOB,GPIO_Pin_9,0);
I_O_control.c(25): warning:  #188-D: enumerated type mixed with another type
        GPIO_WriteBit(GPIOB,GPIO_Pin_8,1);
I_O_control.c(26): warning:  #188-D: enumerated type mixed with another type
        GPIO_WriteBit(GPIOB,GPIO_Pin_8,0);
I_O_control.c(29): warning:  #188-D: enumerated type mixed with another type
        GPIO_WriteBit(GPIOB,GPIO_Pin_10,1);
I_O_control.c(30): warning:  #188-D: enumerated type mixed with another type
        GPIO_WriteBit(GPIOB,GPIO_Pin_10,0);
I_O_control.c(31): warning:  #1-D: last line of file ends without a newline
  }
I_O_control.c: 12 warnings, 0 errors
compiling Communication.c...
..\3phase_inverter\stm32f0xx.h(5709): warning:  #1-D: last line of file ends without a newline
  //************************ (C) COPYRIGHT STMicroelectronics *****END OF FILE****// 
..\3phase_inverter\stm32f0xx.h(5709): warning:  #1-D: last line of file ends without a newline
  //************************ (C) COPYRIGHT STMicroelectronics *****END OF FILE****// 
Communication.h(35): warning:  #1-D: last line of file ends without a newline
  #endif /*__Communication_H */
Communication.c(81): warning:  #1-D: last line of file ends without a newline
  }
Communication.c: 4 warnings, 0 errors
compiling stm32f0xx_gpio.c...
..\3phase_inverter\stm32f0xx.h(5709): warning:  #1-D: last line of file ends without a newline
  //************************ (C) COPYRIGHT STMicroelectronics *****END OF FILE****// 
..\3phase_inverter\stm32f0xx.h(5709): warning:  #1-D: last line of file ends without a newline
  //************************ (C) COPYRIGHT STMicroelectronics *****END OF FILE****// 
STM32F0xx_StdPeriph_Driver\src\stm32f0xx_gpio.c: 2 warnings, 0 errors
compiling stm32f0xx_rcc.c...
..\3phase_inverter\stm32f0xx.h(5709): warning:  #1-D: last line of file ends without a newline
  //************************ (C) COPYRIGHT STMicroelectronics *****END OF FILE****// 
..\3phase_inverter\stm32f0xx.h(5709): warning:  #1-D: last line of file ends without a newline
  //************************ (C) COPYRIGHT STMicroelectronics *****END OF FILE****// 
STM32F0xx_StdPeriph_Driver\src\stm32f0xx_rcc.c: 2 warnings, 0 errors
compiling stm32f0xx_i2c.c...
..\3phase_inverter\stm32f0xx.h(5709): warning:  #1-D: last line of file ends without a newline
  //************************ (C) COPYRIGHT STMicroelectronics *****END OF FILE****// 
..\3phase_inverter\stm32f0xx.h(5709): warning:  #1-D: last line of file ends without a newline
  //************************ (C) COPYRIGHT STMicroelectronics *****END OF FILE****// 
STM32F0xx_StdPeriph_Driver\src\stm32f0xx_i2c.c: 2 warnings, 0 errors
compiling stm32f0xx_tim.c...
..\3phase_inverter\stm32f0xx.h(5709): warning:  #1-D: last line of file ends without a newline
  //************************ (C) COPYRIGHT STMicroelectronics *****END OF FILE****// 
..\3phase_inverter\stm32f0xx.h(5709): warning:  #1-D: last line of file ends without a newline
  //************************ (C) COPYRIGHT STMicroelectronics *****END OF FILE****// 
STM32F0xx_StdPeriph_Driver\src\stm32f0xx_tim.c: 2 warnings, 0 errors
compiling stm32f0xx_exti.c...
..\3phase_inverter\stm32f0xx.h(5709): warning:  #1-D: last line of file ends without a newline
  //************************ (C) COPYRIGHT STMicroelectronics *****END OF FILE****// 
..\3phase_inverter\stm32f0xx.h(5709): warning:  #1-D: last line of file ends without a newline
  //************************ (C) COPYRIGHT STMicroelectronics *****END OF FILE****// 
STM32F0xx_StdPeriph_Driver\src\stm32f0xx_exti.c: 2 warnings, 0 errors
compiling stm32f0xx_it.c...
..\3phase_inverter\stm32f0xx.h(5709): warning:  #1-D: last line of file ends without a newline
  //************************ (C) COPYRIGHT STMicroelectronics *****END OF FILE****// 
stm32f0xx.h(5709): warning:  #1-D: last line of file ends without a newline
  //************************ (C) COPYRIGHT STMicroelectronics *****END OF FILE****// 
stm32f0xx_it.c: 2 warnings, 0 errors
compiling stm32f0xx_syscfg.c...
..\3phase_inverter\stm32f0xx.h(5709): warning:  #1-D: last line of file ends without a newline
  //************************ (C) COPYRIGHT STMicroelectronics *****END OF FILE****// 
..\3phase_inverter\stm32f0xx.h(5709): warning:  #1-D: last line of file ends without a newline
  //************************ (C) COPYRIGHT STMicroelectronics *****END OF FILE****// 
STM32F0xx_StdPeriph_Driver\src\stm32f0xx_syscfg.c: 2 warnings, 0 errors
compiling stm32f0xx_misc.c...
..\3phase_inverter\stm32f0xx.h(5709): warning:  #1-D: last line of file ends without a newline
  //************************ (C) COPYRIGHT STMicroelectronics *****END OF FILE****// 
..\3phase_inverter\stm32f0xx.h(5709): warning:  #1-D: last line of file ends without a newline
  //************************ (C) COPYRIGHT STMicroelectronics *****END OF FILE****// 
STM32F0xx_StdPeriph_Driver\src\stm32f0xx_misc.c: 2 warnings, 0 errors
compiling stm32f0xx_adc.c...
..\3phase_inverter\stm32f0xx.h(5709): warning:  #1-D: last line of file ends without a newline
  //************************ (C) COPYRIGHT STMicroelectronics *****END OF FILE****// 
..\3phase_inverter\stm32f0xx.h(5709): warning:  #1-D: last line of file ends without a newline
  //************************ (C) COPYRIGHT STMicroelectronics *****END OF FILE****// 
STM32F0xx_StdPeriph_Driver\src\stm32f0xx_adc.c: 2 warnings, 0 errors
compiling stm32f0xx_dma.c...
..\3phase_inverter\stm32f0xx.h(5709): warning:  #1-D: last line of file ends without a newline
  //************************ (C) COPYRIGHT STMicroelectronics *****END OF FILE****// 
..\3phase_inverter\stm32f0xx.h(5709): warning:  #1-D: last line of file ends without a newline
  //************************ (C) COPYRIGHT STMicroelectronics *****END OF FILE****// 
STM32F0xx_StdPeriph_Driver\src\stm32f0xx_dma.c: 2 warnings, 0 errors
compiling stm32f0xx_usart.c...
..\3phase_inverter\stm32f0xx.h(5709): warning:  #1-D: last line of file ends without a newline
  //************************ (C) COPYRIGHT STMicroelectronics *****END OF FILE****// 
..\3phase_inverter\stm32f0xx.h(5709): warning:  #1-D: last line of file ends without a newline
  //************************ (C) COPYRIGHT STMicroelectronics *****END OF FILE****// 
STM32F0xx_StdPeriph_Driver\src\stm32f0xx_usart.c: 2 warnings, 0 errors
linking...
Program Size: Code=14728 RO-data=224 RW-data=108 ZI-data=1652  
".\ThreePhaseInverter.axf" - 0 Error(s), 66 Warning(s).
Load "D:\\Motor\\3 phase motor\\3phase_inverter\\ThreePhaseInverter.axf" 
Erase Done.
Programming Done.
Verify OK.
has been cancelled
Load "D:\\Motor\\3 phase motor\\3phase_inverter\\ThreePhaseInverter.axf" 
Erase Done.
Programming Done.
Verify OK.
...
..\3phase_inverter\stm32f0xx.h(5709): warning:  #1-D: last line of file ends without a newline
  //************************ (C) COPYRIGHT STMicroelectronics *****END OF FILE****// 
..\3phase_inverter\stm32f0xx.h(5709): warning:  #1-D: last line of file ends without a newline
  //************************ (C) COPYRIGHT STMicroelectronics *****END OF FILE****// 
STM32F0xx_StdPeriph_Driver\src\stm32f0xx_syscfg.c: 2 warnings, 0 errors
compiling stm32f0xx_misc.c...
..\3phase_inverter\stm32f0xx.h(5709): warning:  #1-D: last line of file ends without a newline
  //************************ (C) COPYRIGHT STMicroelectronics *****END OF FILE****// 
..\3phase_inverter\stm32f0xx.h(5709): warning:  #1-D: last line of file ends without a newline
  //************************ (C) COPYRIGHT STMicroelectronics *****END OF FILE****// 
STM32F0xx_StdPeriph_Driver\src\stm32f0xx_misc.c: 2 warnings, 0 errors
compiling stm32f0xx_adc.c...
..\3phase_inverter\stm32f0xx.h(5709): warning:  #1-D: last line of file ends without a newline
  //************************ (C) COPYRIGHT STMicroelectronics *****END OF FILE****// 
..\3phase_inverter\stm32f0xx.h(5709): warning:  #1-D: last line of file ends without a newline
  //************************ (C) COPYRIGHT STMicroelectronics *****END OF FILE****// 
STM32F0xx_StdPeriph_Driver\src\stm32f0xx_adc.c: 2 warnings, 0 errors
compiling stm32f0xx_dma.c...
..\3phase_inverter\stm32f0xx.h(5709): warning:  #1-D: last line of file ends without a newline
  //************************ (C) COPYRIGHT STMicroelectronics *****END OF FILE****// 
..\3phase_inverter\stm32f0xx.h(5709): warning:  #1-D: last line of file ends without a newline
  //************************ (C) COPYRIGHT STMicroelectronics *****END OF FILE****// 
STM32F0xx_StdPeriph_Driver\src\stm32f0xx_dma.c: 2 warnings, 0 errors
compiling stm32f0xx_usart.c...
..\3phase_inverter\stm32f0xx.h(5709): warning:  #1-D: last line of file ends without a newline
  //************************ (C) COPYRIGHT STMicroelectronics *****END OF FILE****// 
..\3phase_inverter\stm32f0xx.h(5709): warning:  #1-D: last line of file ends without a newline
  //************************ (C) COPYRIGHT STMicroelectronics *****END OF FILE****// 
STM32F0xx_StdPeriph_Driver\src\stm32f0xx_usart.c: 2 warnings, 0 errors
".\ThreePhaseInverter.axf" - 16 Error(s), 66 Warning(s).
Target not created
