<html>
<body>
<pre>
<h1>µVision Build Log</h1>
<h2>Project:</h2>
D:\Motor\3 phase motor\3phase_inverter\ThreePhaseInverter.uvproj
Project File Date:  03/24/2021

<h2>Output:</h2>
Rebuild target 'Target 1'
compiling system_stm32f0xx.c...
..\3phase_inverter\stm32f0xx.h(5709): warning:  #1-D: last line of file ends without a newline
  //************************ (C) COPYRIGHT STMicroelectronics *****END OF FILE****// 
stm32f0xx.h(5709): warning:  #1-D: last line of file ends without a newline
  //************************ (C) COPYRIGHT STMicroelectronics *****END OF FILE****// 
system_stm32f0xx.c: 2 warnings, 0 errors
assembling startup_stm32f0xx.s...
compiling main.c...
..\3phase_inverter\stm32f0xx.h(5709): warning:  #1-D: last line of file ends without a newline
  //************************ (C) COPYRIGHT STMicroelectronics *****END OF FILE****// 
stm32f0xx.h(5709): warning:  #1-D: last line of file ends without a newline
  //************************ (C) COPYRIGHT STMicroelectronics *****END OF FILE****// 
PWM_control.h(39): warning:  #1-D: last line of file ends without a newline
  #endif /*__PWM_H */
ADC_control.h(37): warning:  #1295-D: Deprecated declaration ADC_Common_config - give arg types
  void ADC_Common_config();
ADC_control.h(47): warning:  #1-D: last line of file ends without a newline
  #endif /*__ADC_CONTROL_H */
DMA_control.h(26): warning:  #1295-D: Deprecated declaration DMA_ADC_config - give arg types
  void DMA_ADC_config();
DMA_control.h(34): warning:  #1-D: last line of file ends without a newline
  #endif /*__DMA_CONTROL_H */
I_O_control.h(40): warning:  #1-D: last line of file ends without a newline
  #endif /*__I_O_CONTROL_H */
main.c(47): warning:  #188-D: enumerated type mixed with another type
                        GPIO_WriteBit(GPIOB,GPIO_Pin_9,1);
main.c(49): warning:  #188-D: enumerated type mixed with another type
                        GPIO_WriteBit(GPIOB,GPIO_Pin_9,0);
main.c(91): warning:  #188-D: enumerated type mixed with another type
        GPIO_WriteBit(GPIOB,GPIO_Pin_2,P5V_driver);
main.c: 11 warnings, 0 errors
compiling PWM_control.c...
..\3phase_inverter\stm32f0xx.h(5709): warning:  #1-D: last line of file ends without a newline
  //************************ (C) COPYRIGHT STMicroelectronics *****END OF FILE****// 
..\3phase_inverter\stm32f0xx.h(5709): warning:  #1-D: last line of file ends without a newline
  //************************ (C) COPYRIGHT STMicroelectronics *****END OF FILE****// 
PWM_control.h(39): warning:  #1-D: last line of file ends without a newline
  #endif /*__PWM_H */
PWM_control.c(311): warning:  #9-D: nested comment is not allowed
        //*Step=1;
PWM_control.c(330): warning:  #940-D: missing return statement at end of non-void function "Motor_Startup"
  }
PWM_control.c: 5 warnings, 0 errors
compiling ADC_control.c...
..\3phase_inverter\stm32f0xx.h(5709): warning:  #1-D: last line of file ends without a newline
  //************************ (C) COPYRIGHT STMicroelectronics *****END OF FILE****// 
..\3phase_inverter\stm32f0xx.h(5709): warning:  #1-D: last line of file ends without a newline
  //************************ (C) COPYRIGHT STMicroelectronics *****END OF FILE****// 
ADC_control.h(37): warning:  #1295-D: Deprecated declaration ADC_Common_config - give arg types
  void ADC_Common_config();
ADC_control.h(47): warning:  #1-D: last line of file ends without a newline
  #endif /*__ADC_CONTROL_H */
PWM_control.h(39): warning:  #1-D: last line of file ends without a newline
  #endif /*__PWM_H */
I_O_control.h(40): warning:  #1-D: last line of file ends without a newline
  #endif /*__I_O_CONTROL_H */
ADC_control.c: 6 warnings, 0 errors
compiling DMA_control.c...
..\3phase_inverter\stm32f0xx.h(5709): warning:  #1-D: last line of file ends without a newline
  //************************ (C) COPYRIGHT STMicroelectronics *****END OF FILE****// 
..\3phase_inverter\stm32f0xx.h(5709): warning:  #1-D: last line of file ends without a newline
  //************************ (C) COPYRIGHT STMicroelectronics *****END OF FILE****// 
DMA_control.h(26): warning:  #1295-D: Deprecated declaration DMA_ADC_config - give arg types
  void DMA_ADC_config();
DMA_control.h(34): warning:  #1-D: last line of file ends without a newline
  #endif /*__DMA_CONTROL_H */
DMA_control.c(23): warning:  #1-D: last line of file ends without a newline
  }
DMA_control.c: 5 warnings, 0 errors
compiling I_O_control.c...
..\3phase_inverter\stm32f0xx.h(5709): warning:  #1-D: last line of file ends without a newline
  //************************ (C) COPYRIGHT STMicroelectronics *****END OF FILE****// 
..\3phase_inverter\stm32f0xx.h(5709): warning:  #1-D: last line of file ends without a newline
  //************************ (C) COPYRIGHT STMicroelectronics *****END OF FILE****// 
I_O_control.h(40): warning:  #1-D: last line of file ends without a newline
  #endif /*__I_O_CONTROL_H */
I_O_control.c(14): warning:  #188-D: enumerated type mixed with another type
         GPIO_WriteBit(GPIOB,OVC_OUT_N,1);
I_O_control.c(17): warning:  #188-D: enumerated type mixed with another type
         GPIO_WriteBit(GPIOB,OVC_OUT_N,0);
I_O_control.c(20): warning:  #188-D: enumerated type mixed with another type
        GPIO_WriteBit(GPIOB,GPIO_Pin_9,1);
I_O_control.c(21): warning:  #188-D: enumerated type mixed with another type
        GPIO_WriteBit(GPIOB,GPIO_Pin_9,0);
I_O_control.c(25): warning:  #188-D: enumerated type mixed with another type
        GPIO_WriteBit(GPIOB,GPIO_Pin_8,1);
I_O_control.c(26): warning:  #188-D: enumerated type mixed with another type
        GPIO_WriteBit(GPIOB,GPIO_Pin_8,0);
I_O_control.c(27): warning:  #1-D: last line of file ends without a newline
  }
I_O_control.c: 10 warnings, 0 errors
compiling stm32f0xx_gpio.c...
..\3phase_inverter\stm32f0xx.h(5709): warning:  #1-D: last line of file ends without a newline
  //************************ (C) COPYRIGHT STMicroelectronics *****END OF FILE****// 
..\3phase_inverter\stm32f0xx.h(5709): warning:  #1-D: last line of file ends without a newline
  //************************ (C) COPYRIGHT STMicroelectronics *****END OF FILE****// 
STM32F0xx_StdPeriph_Driver\src\stm32f0xx_gpio.c: 2 warnings, 0 errors
compiling stm32f0xx_rcc.c...
..\3phase_inverter\stm32f0xx.h(5709): warning:  #1-D: last line of file ends without a newline
  //************************ (C) COPYRIGHT STMicroelectronics *****END OF FILE****// 
..\3phase_inverter\stm32f0xx.h(5709): warning:  #1-D: last line of file ends without a newline
  //************************ (C) COPYRIGHT STMicroelectronics *****END OF FILE****// 
STM32F0xx_StdPeriph_Driver\src\stm32f0xx_rcc.c: 2 warnings, 0 errors
compiling stm32f0xx_i2c.c...
..\3phase_inverter\stm32f0xx.h(5709): warning:  #1-D: last line of file ends without a newline
  //************************ (C) COPYRIGHT STMicroelectronics *****END OF FILE****// 
..\3phase_inverter\stm32f0xx.h(5709): warning:  #1-D: last line of file ends without a newline
  //************************ (C) COPYRIGHT STMicroelectronics *****END OF FILE****// 
STM32F0xx_StdPeriph_Driver\src\stm32f0xx_i2c.c: 2 warnings, 0 errors
compiling stm32f0xx_tim.c...
..\3phase_inverter\stm32f0xx.h(5709): warning:  #1-D: last line of file ends without a newline
  //************************ (C) COPYRIGHT STMicroelectronics *****END OF FILE****// 
..\3phase_inverter\stm32f0xx.h(5709): warning:  #1-D: last line of file ends without a newline
  //************************ (C) COPYRIGHT STMicroelectronics *****END OF FILE****// 
STM32F0xx_StdPeriph_Driver\src\stm32f0xx_tim.c: 2 warnings, 0 errors
compiling stm32f0xx_exti.c...
..\3phase_inverter\stm32f0xx.h(5709): warning:  #1-D: last line of file ends without a newline
  //************************ (C) COPYRIGHT STMicroelectronics *****END OF FILE****// 
..\3phase_inverter\stm32f0xx.h(5709): warning:  #1-D: last line of file ends without a newline
  //************************ (C) COPYRIGHT STMicroelectronics *****END OF FILE****// 
STM32F0xx_StdPeriph_Driver\src\stm32f0xx_exti.c: 2 warnings, 0 errors
compiling stm32f0xx_it.c...
..\3phase_inverter\stm32f0xx.h(5709): warning:  #1-D: last line of file ends without a newline
  //************************ (C) COPYRIGHT STMicroelectronics *****END OF FILE****// 
stm32f0xx.h(5709): warning:  #1-D: last line of file ends without a newline
  //************************ (C) COPYRIGHT STMicroelectronics *****END OF FILE****// 
stm32f0xx_it.c: 2 warnings, 0 errors
compiling stm32f0xx_syscfg.c...
..\3phase_inverter\stm32f0xx.h(5709): warning:  #1-D: last line of file ends without a newline
  //************************ (C) COPYRIGHT STMicroelectronics *****END OF FILE****// 
..\3phase_inverter\stm32f0xx.h(5709): warning:  #1-D: last line of file ends without a newline
  //************************ (C) COPYRIGHT STMicroelectronics *****END OF FILE****// 
STM32F0xx_StdPeriph_Driver\src\stm32f0xx_syscfg.c: 2 warnings, 0 errors
compiling stm32f0xx_misc.c...
..\3phase_inverter\stm32f0xx.h(5709): warning:  #1-D: last line of file ends without a newline
  //************************ (C) COPYRIGHT STMicroelectronics *****END OF FILE****// 
..\3phase_inverter\stm32f0xx.h(5709): warning:  #1-D: last line of file ends without a newline
  //************************ (C) COPYRIGHT STMicroelectronics *****END OF FILE****// 
STM32F0xx_StdPeriph_Driver\src\stm32f0xx_misc.c: 2 warnings, 0 errors
compiling stm32f0xx_adc.c...
..\3phase_inverter\stm32f0xx.h(5709): warning:  #1-D: last line of file ends without a newline
  //************************ (C) COPYRIGHT STMicroelectronics *****END OF FILE****// 
..\3phase_inverter\stm32f0xx.h(5709): warning:  #1-D: last line of file ends without a newline
  //************************ (C) COPYRIGHT STMicroelectronics *****END OF FILE****// 
STM32F0xx_StdPeriph_Driver\src\stm32f0xx_adc.c: 2 warnings, 0 errors
compiling stm32f0xx_dma.c...
..\3phase_inverter\stm32f0xx.h(5709): warning:  #1-D: last line of file ends without a newline
  //************************ (C) COPYRIGHT STMicroelectronics *****END OF FILE****// 
..\3phase_inverter\stm32f0xx.h(5709): warning:  #1-D: last line of file ends without a newline
  //************************ (C) COPYRIGHT STMicroelectronics *****END OF FILE****// 
STM32F0xx_StdPeriph_Driver\src\stm32f0xx_dma.c: 2 warnings, 0 errors
linking...
Program Size: Code=11320 RO-data=224 RW-data=88 ZI-data=1648  
".\ThreePhaseInverter.axf" - 0 Error(s), 59 Warning(s).
Load "D:\\Motor\\3 phase motor\\3phase_inverter\\ThreePhaseInverter.axf" 
Erase Done.
Programming Done.
Verify OK.
s).
Load "D:\\Motor\\3 phase motor\\3phase_inverter\\ThreePhaseInverter.axf" 
Erase Done.
Programming Done.
Verify OK.
has been cancelled
Load "D:\\Motor\\3 phase motor\\3phase_inverter\\ThreePhaseInverter.axf" 
Erase Done.
Programming Done.
Verify OK.
Error: Target DLL has been cancelled. Debugger aborted !
